#-----------------------------------------------------------
# Vivado v2024.1 (64-bit)
# SW Build 5076996 on Wed May 22 18:36:09 MDT 2024
# IP Build 5075265 on Wed May 22 21:45:21 MDT 2024
# SharedData Build 5076995 on Wed May 22 18:29:18 MDT 2024
# Start of session at: Thu Oct 10 02:33:28 2024
# Process ID: 50862
# Current directory: /home/gorruy/zynq_test/zynq_test.runs/impl_1
# Command line: vivado -log system_wrapper.vdi -applog -product Vivado -messageDb vivado.pb -mode batch -source system_wrapper.tcl -notrace
# Log file: /home/gorruy/zynq_test/zynq_test.runs/impl_1/system_wrapper.vdi
# Journal file: /home/gorruy/zynq_test/zynq_test.runs/impl_1/vivado.jou
# Running On        :gorruy-TUF-Gaming-FX705DY-FX705DY
# Platform          :Ubuntu
# Operating System  :Ubuntu 22.04.5 LTS
# Processor Detail  :AMD Ryzen 5 3550H with Radeon Vega Mobile Gfx
# CPU Frequency     :3175.877 MHz
# CPU Physical cores:4
# CPU Logical cores :8
# Host memory       :8124 MB
# Swap memory       :2147 MB
# Total Virtual     :10271 MB
# Available Virtual :2316 MB
#-----------------------------------------------------------
source system_wrapper.tcl -notrace
