#-----------------------------------------------------------
# Vivado v2024.2.2 (64-bit)
# SW Build 6060944 on Thu Mar 06 19:10:09 MST 2025
# IP Build 6050500 on Thu Mar  6 23:33:39 MST 2025
# SharedData Build 6060542 on Thu Mar 06 10:31:07 MST 2025
# Start of session at: Sun May 25 02:38:03 2025
# Process ID         : 17907
# Current directory  : /home/gorruy/Desktop/diploma--2-/vivado
# Command line       : vivado zynq_test.xpr
# Log file           : /home/gorruy/Desktop/diploma--2-/vivado/vivado.log
# Journal file       : /home/gorruy/Desktop/diploma--2-/vivado/vivado.jou
# Running On         : gorruy-TUF-Gaming-FX705DY-FX705DY
# Platform           : Ubuntu
# Operating System   : Ubuntu 22.04.5 LTS
# Processor Detail   : AMD Ryzen 5 3550H with Radeon Vega Mobile Gfx
# CPU Frequency      : 3668.666 MHz
# CPU Physical cores : 4
# CPU Logical cores  : 8
# Host memory        : 8124 MB
# Swap memory        : 2147 MB
# Total Virtual      : 10271 MB
# Available Virtual  : 2153 MB
#-----------------------------------------------------------
start_gui
